// Jest Snapshot v1, https://goo.gl/fbAQLP

exports[`diff-module should find the diff between the reports 1`] = `
Array [
  Object {
    "body": Object {
      "text": "### Coverage Statistics
#### :large_blue_circle: This pull request will increase total coverage by 2.4% to 87.2%.

| Quality | File | Change | Coverage |
|---|---|---|---|
| :warning: | orders/app/components/orders-subviews.js | :red_circle: -13% (13 :arrow_right:  17) | 68% (17/25) |
| :red_circle: | orders/app/index.js | :large_blue_circle: 7.7% (0 :arrow_right:  1) | 7.7% (1/13) |
| :ok: | orders/app/components/orders-filter-bar.js | :large_blue_circle: 12.8% (65 :arrow_right:  53) | 96.4% (53/55) |
| :red_circle: | orders/app/components/order-tours-tab/order-tours-table-renderer.js | :large_blue_circle: 44.4% (10 :arrow_right:  20) | 44.4% (20/45) |
| :warning: | orders/app/components/order-tours-tab/order-tours-table-core.js | :sparkles: *new* | 54.5% |
##### Deleted files
\`\`\`diff
- orders/module.js
\`\`\`",
    },
    "headers": Object {
      "Authorization": undefined,
    },
    "json": true,
    "method": "post",
    "uri": "undefined/rest/api/1.0/users/name/repos/slug/pull-requests/12345/comments/",
  },
]
`;
