// Jest Snapshot v1, https://goo.gl/fbAQLP

exports[`start server should start server 1`] = `
Array [
  Array [
    0,
    "listening to http://localhost:51337/",
  ],
  Array [
    0,
    "connected to bitbucket instance ",
  ],
  Array [
    0,
    "with key *****",
  ],
  Array [
    0,
    "writing logs to ",
  ],
  Array [
    0,
    "using storage ",
  ],
]
`;
